[03:57:47] [main/INFO]: Loading Minecraft 26.1.2 with Fabric Loader 0.19.2
[03:57:47] [main/INFO]: Mappings not present!
[03:57:48] [main/INFO]: Loading 13 mods:
	- fabricloader 0.19.2
	   \-- mixinextras 0.5.4
	- java 25
	- minecraft 26.1.2
	- skinrestorer 2.8.1+26.1-fabric
	   \-- org_mineskin_java-client 3.2.1-SNAPSHOT
	- voicechat 2.6.18+26.1.2
	   |-- fabric-api-base 2.0.3+ece0632347
	   |-- fabric-command-api-v2 3.0.5+e2bdee7847
	   |-- fabric-key-mapping-api-v1 2.0.4+e2bdee7847
	   |-- fabric-lifecycle-events-v1 4.0.6+a9b9c17647
	   |-- fabric-networking-api-v1 6.3.0+50a808ce47
	   |-- fabric-rendering-v1 23.0.4+10de3da347
	   |-- fabric-resource-loader-v1 2.0.9+d871b99e47
	   \-- voicechat_api 2.6.13
[03:57:48] [main/INFO]: SpongePowered MIXIN Subsystem Version=0.8.7 Source=file:/workspaces/UHCn-t-2/servidor_minecraft/libraries/net/fabricmc/sponge-mixin/0.17.2+mixin.0.8.7/sponge-mixin-0.17.2+mixin.0.8.7.jar Service=Knot/Fabric Env=SERVER
[03:57:48] [main/INFO]: Compatibility level set to JAVA_25
[03:57:48] [main/WARN]: Reference map 'skinrestorer.refmap.json' for skinrestorer.mixins.json could not be read. If this is a development environment you can ignore this message
[03:57:48] [main/WARN]: Reference map 'skinrestorer.refmap.json' for skinrestorer.fabric.mixins.json could not be read. If this is a development environment you can ignore this message
[03:57:49] [main/INFO]: Initializing MixinExtras via com.llamalad7.mixinextras.service.MixinExtrasServiceImpl(version=0.5.4).
[03:57:56] [main/WARN]: fabric-api is not loaded, SkinShuffle compatibility will not be available
[03:57:56] [main/INFO]: [voicechat] Compatibility version 20
[03:57:56] [main/INFO]: [voicechat] Loading plugins
[03:57:56] [main/INFO]: [voicechat] Loaded 0 plugin(s)
[03:57:56] [main/INFO]: [voicechat] Initializing plugins
[03:57:56] [main/INFO]: [voicechat] Initialized 0 plugin(s)
[03:57:56] [main/INFO]: Environment: Environment[sessionHost=https://sessionserver.mojang.com, servicesHost=https://api.minecraftservices.com, profilesHost=https://api.mojang.com, name=PROD]
[03:57:58] [main/INFO]: Loaded 1515 recipes
[03:57:58] [main/INFO]: Loaded 1617 advancements
[03:57:58] [Server thread/INFO]: Starting minecraft server version 26.1.2
[03:57:58] [Server thread/INFO]: Loading properties
[03:57:58] [Server thread/INFO]: Default game type: SURVIVAL
[03:57:58] [Server thread/INFO]: Generating keypair
[03:57:58] [Server thread/INFO]: Starting Minecraft server on *:25565
[03:57:59] [Server thread/WARN]: **** SERVER IS RUNNING IN OFFLINE/INSECURE MODE!
[03:57:59] [Server thread/WARN]: The server will make no attempt to authenticate usernames. Beware.
[03:57:59] [Server thread/WARN]: While this makes the game possible to play without internet access, it also opens up the ability for hackers to connect with any username they choose.
[03:57:59] [Server thread/WARN]: To change this, set "online-mode" to "true" in the server.properties file.
[03:57:59] [Server thread/INFO]: Preparing level "world"
[03:57:59] [Server thread/INFO]: Loading 0 persistent chunks...
[03:57:59] [Server thread/INFO]: Preparing spawn area: 100%
[03:57:59] [Server thread/INFO]: Time elapsed: 15 ms
[03:57:59] [Server thread/INFO]: Done (0.508s)! For help, type "help"
[03:57:59] [Server thread/INFO]: Saving chunks for level 'ServerLevel[world]'/minecraft:overworld
[03:57:59] [Server thread/INFO]: Saving chunks for level 'ServerLevel[world]'/minecraft:the_end
[03:57:59] [Server thread/INFO]: Saving chunks for level 'ServerLevel[world]'/minecraft:the_nether
[03:57:59] [Server thread/INFO]: ThreadedAnvilChunkStorage (world): All chunks are saved
[03:57:59] [Server thread/INFO]: ThreadedAnvilChunkStorage (DIM1): All chunks are saved
[03:57:59] [Server thread/INFO]: ThreadedAnvilChunkStorage (DIM-1): All chunks are saved
[03:57:59] [Server thread/INFO]: ThreadedAnvilChunkStorage: All dimensions are saved
[03:57:59] [Server thread/WARN]: [voicechat] Running in offline mode - Voice chat encryption is not secure!
[03:57:59] [VoiceChatServerThread/INFO]: [voicechat] Voice host is 'wafer-notes.gl.at.ply.gg:24218'
[03:57:59] [VoiceChatServerThread/INFO]: [voicechat] Voice chat server started at port 24218
[03:58:07] [Server thread/INFO]: Thes912[/127.184.41.131:46107] logged in with entity id 176 at (234.1876051347703, 51.0, -223.9248660135787)
[03:58:07] [Server thread/INFO]: [M-CUARTAS] Thes912 joined the game
[03:58:07] [Server thread/INFO]: [voicechat] Received secret request of Thes912 (20)
[03:58:07] [Server thread/INFO]: [voicechat] Sent secret to Thes912
[03:58:08] [VoiceChatPacketProcessingThread/INFO]: [voicechat] Successfully authenticated player 17c02a80-287c-36f3-8d5b-017a749af7a7
[03:58:08] [Server thread/INFO]: sartrefly[/127.156.57.142:40719] logged in with entity id 347 at (136.76397313090982, 57.185365272780615, -156.27940374874902)
[03:58:08] [Server thread/INFO]: [Su Mama] sartrefly joined the game
[03:58:08] [Server thread/INFO]: [voicechat] Received secret request of sartrefly (20)
[03:58:08] [Server thread/INFO]: [voicechat] Sent secret to sartrefly
[03:58:09] [VoiceChatPacketProcessingThread/INFO]: [voicechat] Successfully authenticated player c26fa57d-0912-3d09-a859-6019912b4d2d
[03:58:09] [VoiceChatPacketProcessingThread/INFO]: [voicechat] Successfully validated connection of player 17c02a80-287c-36f3-8d5b-017a749af7a7
[03:58:09] [VoiceChatPacketProcessingThread/INFO]: [voicechat] Player Thes912 (17c02a80-287c-36f3-8d5b-017a749af7a7) successfully connected to voice chat
[03:58:10] [VoiceChatPacketProcessingThread/INFO]: [voicechat] Successfully validated connection of player c26fa57d-0912-3d09-a859-6019912b4d2d
[03:58:10] [VoiceChatPacketProcessingThread/INFO]: [voicechat] Player sartrefly (c26fa57d-0912-3d09-a859-6019912b4d2d) successfully connected to voice chat
[03:58:13] [Server thread/INFO]: XkewX[/127.36.86.249:39267] logged in with entity id 694 at (266.3139890212961, 62.0, -29.912814123607497)
[03:58:13] [Server thread/INFO]: [Su Mama] XkewX joined the game
[03:58:14] [Server thread/INFO]: 8GONZO8[/127.157.224.118:37997] logged in with entity id 695 at (241.60899243160478, 78.96703415489307, -217.57446823715387)
[03:58:14] [Server thread/INFO]: [Su Mama] 8GONZO8 joined the game
[03:58:14] [Server thread/INFO]: [voicechat] Received secret request of 8GONZO8 (20)
[03:58:14] [Server thread/INFO]: [voicechat] Sent secret to 8GONZO8
[03:58:14] [VoiceChatPacketProcessingThread/INFO]: [voicechat] Successfully authenticated player 3b27aa4c-2ba2-3369-9013-08f79d564fb9
[03:58:15] [VoiceChatPacketProcessingThread/INFO]: [voicechat] Successfully validated connection of player 3b27aa4c-2ba2-3369-9013-08f79d564fb9
[03:58:15] [VoiceChatPacketProcessingThread/INFO]: [voicechat] Player 8GONZO8 (3b27aa4c-2ba2-3369-9013-08f79d564fb9) successfully connected to voice chat
[03:58:29] [Server thread/INFO]: SulfurYT[/127.44.62.92:40881] logged in with entity id 942 at (11.859792527761837, 201.0, 5.2019920849039485)
[03:58:29] [Server thread/INFO]: [ADMIN] SulfurYT joined the game
[03:58:29] [Server thread/INFO]: [voicechat] Received secret request of SulfurYT (20)
[03:58:29] [Server thread/INFO]: [voicechat] Sent secret to SulfurYT
[03:58:30] [VoiceChatPacketProcessingThread/INFO]: [voicechat] Successfully authenticated player 80ecb5c7-c815-379b-bf25-a5c3b5591d20
[03:58:31] [VoiceChatPacketProcessingThread/INFO]: [voicechat] Successfully validated connection of player 80ecb5c7-c815-379b-bf25-a5c3b5591d20
[03:58:31] [VoiceChatPacketProcessingThread/INFO]: [voicechat] Player SulfurYT (80ecb5c7-c815-379b-bf25-a5c3b5591d20) successfully connected to voice chat
[03:58:31] [Server thread/INFO]: Frank38kyt[/127.153.106.238:43929] logged in with entity id 1258 at (-161.47567647306204, 91.0, -13.323907991680922)
[03:58:31] [Server thread/INFO]: [LocosPorLasGoticas] Frank38kyt joined the game
[03:58:31] [Server thread/INFO]: [voicechat] Received secret request of Frank38kyt (20)
[03:58:31] [Server thread/INFO]: [voicechat] Sent secret to Frank38kyt
[03:58:31] [VoiceChatPacketProcessingThread/INFO]: [voicechat] Successfully authenticated player 3f426686-2962-3162-9488-12b5861c9d28
[03:58:32] [VoiceChatPacketProcessingThread/INFO]: [voicechat] Successfully validated connection of player 3f426686-2962-3162-9488-12b5861c9d28
[03:58:32] [VoiceChatPacketProcessingThread/INFO]: [voicechat] Player Frank38kyt (3f426686-2962-3162-9488-12b5861c9d28) successfully connected to voice chat
[03:58:32] [SkinRestorer-Fetch-1/WARN]: Failed to fetch skin 'mojang:fred31212'
java.lang.IllegalStateException: not found
	at knot//net.lionarius.skinrestorer.util.WebUtils.throwOnClientErrors(WebUtils.java:141)
	at knot//net.lionarius.skinrestorer.skin.provider.base.YggdrasilSkinProvider.getProfile(YggdrasilSkinProvider.java:52)
	at knot//net.lionarius.skinrestorer.skin.provider.builtin.MojangSkinProvider.access$100(MojangSkinProvider.java:19)
	at knot//net.lionarius.skinrestorer.skin.provider.builtin.MojangSkinProvider$1.findProfileByName(MojangSkinProvider.java:58)
	at knot//net.minecraft.server.players.CachedUserNameToIdResolver.lookupGameProfile(CachedUserNameToIdResolver.java:73)
	at knot//net.minecraft.server.players.CachedUserNameToIdResolver.get(CachedUserNameToIdResolver.java:134)
	at knot//net.lionarius.skinrestorer.skin.provider.builtin.MojangSkinProvider.resolveUuid(MojangSkinProvider.java:89)
	at knot//net.lionarius.skinrestorer.skin.provider.base.ProfileSkinProvider.getCacheKey(ProfileSkinProvider.java:63)
	at knot//net.lionarius.skinrestorer.skin.provider.base.ProfileSkinProvider.getCacheKey(ProfileSkinProvider.java:19)
	at knot//net.lionarius.skinrestorer.skin.provider.base.AbstractSkinProvider.fetchSkin(AbstractSkinProvider.java:52)
	at knot//net.minecraft.server.network.ServerLoginPacketListenerImpl.mdd9f6d1$skinrestorer$lambda$skinrestorer$fetchSkin$0$1(ServerLoginPacketListenerImpl.java:1641)
	at java.base/java.util.Optional.map(Optional.java:260)
	at knot//net.minecraft.server.network.ServerLoginPacketListenerImpl.skinrestorer$fetchSkin(ServerLoginPacketListenerImpl.java:1641)
	at knot//net.minecraft.server.network.ServerLoginPacketListenerImpl.mdd9f6d1$skinrestorer$lambda$waitForSkin$0$4(ServerLoginPacketListenerImpl.java:1597)
	at java.base/java.util.concurrent.CompletableFuture$AsyncSupply.run(CompletableFuture.java:1789)
	at java.base/java.util.concurrent.ThreadPoolExecutor.runWorker(ThreadPoolExecutor.java:1090)
	at java.base/java.util.concurrent.ThreadPoolExecutor$Worker.run(ThreadPoolExecutor.java:614)
	at java.base/java.lang.Thread.run(Thread.java:1474)
[03:58:32] [Server thread/INFO]: MayStormahh[/127.250.220.170:45323] logged in with entity id 1435 at (11.09623773425551, 202.86154634981122, 8.502747819495804)
[03:58:32] [Server thread/INFO]: [Alfajores] MayStormahh joined the game
[03:58:33] [Server thread/INFO]: fred31212[/127.81.20.98:38239] logged in with entity id 1450 at (9.634046411562432, 202.94885014031618, 3.7194543293340256)
[03:58:33] [Server thread/INFO]: [Alfajores] fred31212 joined the game
[03:58:33] [Server thread/INFO]: [voicechat] Received secret request of fred31212 (20)
[03:58:33] [Server thread/INFO]: [voicechat] Sent secret to fred31212
[03:58:33] [VoiceChatPacketProcessingThread/INFO]: [voicechat] Successfully authenticated player 030e16ed-86c8-32c6-8ed3-a5ac886009df
[03:58:33] [Server thread/INFO]: Squiell[/127.164.188.32:51673] logged in with entity id 1482 at (-308.24070804264284, 71.27767680632203, 1414.6993273928456)
[03:58:33] [Server thread/INFO]: [Alfajores] Squiell joined the game
[03:58:34] [Server thread/INFO]: [voicechat] Received secret request of Squiell (20)
[03:58:34] [Server thread/INFO]: [voicechat] Sent secret to Squiell
[03:58:34] [VoiceChatPacketProcessingThread/INFO]: [voicechat] Successfully authenticated player dd86a760-ff98-314d-98fc-ee5159cdbb24
[03:58:34] [VoiceChatPacketProcessingThread/INFO]: [voicechat] Successfully validated connection of player 030e16ed-86c8-32c6-8ed3-a5ac886009df
[03:58:34] [VoiceChatPacketProcessingThread/INFO]: [voicechat] Player fred31212 (030e16ed-86c8-32c6-8ed3-a5ac886009df) successfully connected to voice chat
[03:58:35] [Server thread/INFO]: Alex554[/127.192.32.227:38007] logged in with entity id 1589 at (-159.88898729925705, 81.0, -12.341186873032536)
[03:58:35] [Server thread/INFO]: [LocosPorLasGoticas] Alex554 joined the game
[03:58:35] [VoiceChatPacketProcessingThread/INFO]: [voicechat] Successfully validated connection of player dd86a760-ff98-314d-98fc-ee5159cdbb24
[03:58:35] [VoiceChatPacketProcessingThread/INFO]: [voicechat] Player Squiell (dd86a760-ff98-314d-98fc-ee5159cdbb24) successfully connected to voice chat
[03:58:35] [Server thread/INFO]: [voicechat] Received secret request of Alex554 (20)
[03:58:35] [Server thread/INFO]: [voicechat] Sent secret to Alex554
[03:58:35] [VoiceChatPacketProcessingThread/INFO]: [voicechat] Successfully authenticated player 32fc722a-25a5-3790-83ab-fe31be1c1b85
[03:58:36] [VoiceChatPacketProcessingThread/INFO]: [voicechat] Successfully validated connection of player 32fc722a-25a5-3790-83ab-fe31be1c1b85
[03:58:36] [VoiceChatPacketProcessingThread/INFO]: [voicechat] Player Alex554 (32fc722a-25a5-3790-83ab-fe31be1c1b85) successfully connected to voice chat
[03:58:56] [SkinRestorer-Fetch-3/WARN]: Failed to fetch skin 'mojang:pasifista89'
java.lang.IllegalStateException: not found
	at knot//net.lionarius.skinrestorer.util.WebUtils.throwOnClientErrors(WebUtils.java:141)
	at knot//net.lionarius.skinrestorer.skin.provider.base.YggdrasilSkinProvider.getProfile(YggdrasilSkinProvider.java:52)
	at knot//net.lionarius.skinrestorer.skin.provider.builtin.MojangSkinProvider.access$100(MojangSkinProvider.java:19)
	at knot//net.lionarius.skinrestorer.skin.provider.builtin.MojangSkinProvider$1.findProfileByName(MojangSkinProvider.java:58)
	at knot//net.minecraft.server.players.CachedUserNameToIdResolver.lookupGameProfile(CachedUserNameToIdResolver.java:73)
	at knot//net.minecraft.server.players.CachedUserNameToIdResolver.get(CachedUserNameToIdResolver.java:134)
	at knot//net.lionarius.skinrestorer.skin.provider.builtin.MojangSkinProvider.resolveUuid(MojangSkinProvider.java:89)
	at knot//net.lionarius.skinrestorer.skin.provider.base.ProfileSkinProvider.getCacheKey(ProfileSkinProvider.java:63)
	at knot//net.lionarius.skinrestorer.skin.provider.base.ProfileSkinProvider.getCacheKey(ProfileSkinProvider.java:19)
	at knot//net.lionarius.skinrestorer.skin.provider.base.AbstractSkinProvider.fetchSkin(AbstractSkinProvider.java:52)
	at knot//net.minecraft.server.network.ServerLoginPacketListenerImpl.mdd9f6d1$skinrestorer$lambda$skinrestorer$fetchSkin$0$1(ServerLoginPacketListenerImpl.java:1641)
	at java.base/java.util.Optional.map(Optional.java:260)
	at knot//net.minecraft.server.network.ServerLoginPacketListenerImpl.skinrestorer$fetchSkin(ServerLoginPacketListenerImpl.java:1641)
	at knot//net.minecraft.server.network.ServerLoginPacketListenerImpl.mdd9f6d1$skinrestorer$lambda$waitForSkin$0$4(ServerLoginPacketListenerImpl.java:1597)
	at java.base/java.util.concurrent.CompletableFuture$AsyncSupply.run(CompletableFuture.java:1789)
	at java.base/java.util.concurrent.ThreadPoolExecutor.runWorker(ThreadPoolExecutor.java:1090)
	at java.base/java.util.concurrent.ThreadPoolExecutor$Worker.run(ThreadPoolExecutor.java:614)
	at java.base/java.lang.Thread.run(Thread.java:1474)
[03:58:57] [Server thread/INFO]: pasifista89[/127.102.181.154:40451] logged in with entity id 2067 at (-1.8325023712217698, 144.0, -1.6284021484962237)
[03:58:57] [Server thread/INFO]: [Jackson 5] pasifista89 joined the game
[03:58:57] [Server thread/INFO]: Juandi[/127.68.14.213:59037] logged in with entity id 2068 at (17.058016283176315, 144.0587968405392, 16.592809134194034)
[03:58:57] [Server thread/INFO]: [Jackson 5] Juandi joined the game
[03:58:57] [Server thread/INFO]: onytx[/127.252.244.26:33889] logged in with entity id 2069 at (-0.19621207891827736, 144.0, 17.295920590890542)
[03:58:57] [Server thread/INFO]: [Jackson 5] onytx joined the game
[03:58:58] [Server thread/INFO]: [voicechat] Received secret request of onytx (20)
[03:58:58] [Server thread/INFO]: [voicechat] Sent secret to onytx
[03:58:58] [Server thread/INFO]: [voicechat] Received secret request of Juandi (20)
[03:58:58] [Server thread/INFO]: [voicechat] Sent secret to Juandi
[03:58:58] [VoiceChatPacketProcessingThread/INFO]: [voicechat] Successfully authenticated player 1f078f4d-e32e-3eac-87be-a90e8fe132c1
[03:58:58] [Server thread/INFO]: [voicechat] Received secret request of pasifista89 (20)
[03:58:58] [Server thread/INFO]: [voicechat] Sent secret to pasifista89
[03:58:58] [VoiceChatPacketProcessingThread/INFO]: [voicechat] Successfully authenticated player 68a644e7-e2e9-303c-9e0e-9a6d49fb03b0
[03:58:59] [VoiceChatPacketProcessingThread/INFO]: [voicechat] Successfully validated connection of player 1f078f4d-e32e-3eac-87be-a90e8fe132c1
[03:58:59] [VoiceChatPacketProcessingThread/INFO]: [voicechat] Player Juandi (1f078f4d-e32e-3eac-87be-a90e8fe132c1) successfully connected to voice chat
[03:58:59] [VoiceChatPacketProcessingThread/INFO]: [voicechat] Successfully validated connection of player 68a644e7-e2e9-303c-9e0e-9a6d49fb03b0
[03:58:59] [VoiceChatPacketProcessingThread/INFO]: [voicechat] Player onytx (68a644e7-e2e9-303c-9e0e-9a6d49fb03b0) successfully connected to voice chat
[03:59:00] [VoiceChatPacketProcessingThread/INFO]: [voicechat] Successfully authenticated player db8e8249-1f95-3f5a-8fda-ef666fb1ae05
[03:59:01] [VoiceChatPacketProcessingThread/INFO]: [voicechat] Successfully validated connection of player db8e8249-1f95-3f5a-8fda-ef666fb1ae05
[03:59:01] [VoiceChatPacketProcessingThread/INFO]: [voicechat] Player pasifista89 (db8e8249-1f95-3f5a-8fda-ef666fb1ae05) successfully connected to voice chat
[03:59:27] [Server thread/INFO]: [Not Secure] <[Jackson 5] pasifista89> sube thes cagon
[03:59:33] [Server thread/INFO]: [Not Secure] <[M-CUARTAS] Thes912> para q estamos esperando a q entren todos
[03:59:35] [SkinRestorer-Fetch-9/WARN]: Failed to fetch skin 'mojang:Ram_NK'
java.lang.IllegalStateException: not found
	at knot//net.lionarius.skinrestorer.util.WebUtils.throwOnClientErrors(WebUtils.java:141)
	at knot//net.lionarius.skinrestorer.skin.provider.base.YggdrasilSkinProvider.getProfile(YggdrasilSkinProvider.java:52)
	at knot//net.lionarius.skinrestorer.skin.provider.builtin.MojangSkinProvider.access$100(MojangSkinProvider.java:19)
	at knot//net.lionarius.skinrestorer.skin.provider.builtin.MojangSkinProvider$1.findProfileByName(MojangSkinProvider.java:58)
	at knot//net.minecraft.server.players.CachedUserNameToIdResolver.lookupGameProfile(CachedUserNameToIdResolver.java:73)
	at knot//net.minecraft.server.players.CachedUserNameToIdResolver.get(CachedUserNameToIdResolver.java:134)
	at knot//net.lionarius.skinrestorer.skin.provider.builtin.MojangSkinProvider.resolveUuid(MojangSkinProvider.java:89)
	at knot//net.lionarius.skinrestorer.skin.provider.base.ProfileSkinProvider.getCacheKey(ProfileSkinProvider.java:63)
	at knot//net.lionarius.skinrestorer.skin.provider.base.ProfileSkinProvider.getCacheKey(ProfileSkinProvider.java:19)
	at knot//net.lionarius.skinrestorer.skin.provider.base.AbstractSkinProvider.fetchSkin(AbstractSkinProvider.java:52)
	at knot//net.minecraft.server.network.ServerLoginPacketListenerImpl.mdd9f6d1$skinrestorer$lambda$skinrestorer$fetchSkin$0$1(ServerLoginPacketListenerImpl.java:1641)
	at java.base/java.util.Optional.map(Optional.java:260)
	at knot//net.minecraft.server.network.ServerLoginPacketListenerImpl.skinrestorer$fetchSkin(ServerLoginPacketListenerImpl.java:1641)
	at knot//net.minecraft.server.network.ServerLoginPacketListenerImpl.mdd9f6d1$skinrestorer$lambda$waitForSkin$0$4(ServerLoginPacketListenerImpl.java:1597)
	at java.base/java.util.concurrent.CompletableFuture$AsyncSupply.run(CompletableFuture.java:1789)
	at java.base/java.util.concurrent.ThreadPoolExecutor.runWorker(ThreadPoolExecutor.java:1090)
	at java.base/java.util.concurrent.ThreadPoolExecutor$Worker.run(ThreadPoolExecutor.java:614)
	at java.base/java.lang.Thread.run(Thread.java:1474)
[03:59:36] [Server thread/INFO]: Ram_NK[/127.119.157.254:56853] logged in with entity id 2660 at (10.246975531737275, 147.0, -2.8651432440087947)
[03:59:36] [Server thread/INFO]: [Jackson 5] Ram_NK joined the game
[03:59:36] [Server thread/INFO]: [voicechat] Received secret request of Ram_NK (20)
[03:59:36] [Server thread/INFO]: [voicechat] Sent secret to Ram_NK
[03:59:36] [VoiceChatPacketProcessingThread/INFO]: [voicechat] Successfully authenticated player 232f46f4-5c92-3828-9a58-99dd8a7d91b1
[03:59:37] [VoiceChatPacketProcessingThread/INFO]: [voicechat] Successfully validated connection of player 232f46f4-5c92-3828-9a58-99dd8a7d91b1
[03:59:37] [VoiceChatPacketProcessingThread/INFO]: [voicechat] Player Ram_NK (232f46f4-5c92-3828-9a58-99dd8a7d91b1) successfully connected to voice chat
[04:00:00] [Server thread/INFO]: Crispeta1105[/127.184.41.131:59783] logged in with entity id 3013 at (231.10175150112497, 54.0, -230.69999998807907)
[04:00:00] [Server thread/INFO]: [M-CUARTAS] Crispeta1105 joined the game
[04:00:01] [Server thread/INFO]: [voicechat] Received secret request of Crispeta1105 (20)
[04:00:01] [Server thread/INFO]: [voicechat] Sent secret to Crispeta1105
[04:00:01] [VoiceChatPacketProcessingThread/INFO]: [voicechat] Successfully authenticated player f3ea2dd3-2dd2-3138-bfe7-018db8f3fc7a
[04:00:02] [VoiceChatPacketProcessingThread/INFO]: [voicechat] Successfully validated connection of player f3ea2dd3-2dd2-3138-bfe7-018db8f3fc7a
[04:00:02] [VoiceChatPacketProcessingThread/INFO]: [voicechat] Player Crispeta1105 (f3ea2dd3-2dd2-3138-bfe7-018db8f3fc7a) successfully connected to voice chat
[04:00:10] [SkinRestorer-Fetch-11/WARN]: Failed to fetch skin 'mojang:adrx2345'
java.lang.IllegalStateException: not found
	at knot//net.lionarius.skinrestorer.util.WebUtils.throwOnClientErrors(WebUtils.java:141)
	at knot//net.lionarius.skinrestorer.skin.provider.base.YggdrasilSkinProvider.getProfile(YggdrasilSkinProvider.java:52)
	at knot//net.lionarius.skinrestorer.skin.provider.builtin.MojangSkinProvider.access$100(MojangSkinProvider.java:19)
	at knot//net.lionarius.skinrestorer.skin.provider.builtin.MojangSkinProvider$1.findProfileByName(MojangSkinProvider.java:58)
	at knot//net.minecraft.server.players.CachedUserNameToIdResolver.lookupGameProfile(CachedUserNameToIdResolver.java:73)
	at knot//net.minecraft.server.players.CachedUserNameToIdResolver.get(CachedUserNameToIdResolver.java:134)
	at knot//net.lionarius.skinrestorer.skin.provider.builtin.MojangSkinProvider.resolveUuid(MojangSkinProvider.java:89)
	at knot//net.lionarius.skinrestorer.skin.provider.base.ProfileSkinProvider.getCacheKey(ProfileSkinProvider.java:63)
	at knot//net.lionarius.skinrestorer.skin.provider.base.ProfileSkinProvider.getCacheKey(ProfileSkinProvider.java:19)
	at knot//net.lionarius.skinrestorer.skin.provider.base.AbstractSkinProvider.fetchSkin(AbstractSkinProvider.java:52)
	at knot//net.minecraft.server.network.ServerLoginPacketListenerImpl.mdd9f6d1$skinrestorer$lambda$skinrestorer$fetchSkin$0$1(ServerLoginPacketListenerImpl.java:1641)
	at java.base/java.util.Optional.map(Optional.java:260)
	at knot//net.minecraft.server.network.ServerLoginPacketListenerImpl.skinrestorer$fetchSkin(ServerLoginPacketListenerImpl.java:1641)
	at knot//net.minecraft.server.network.ServerLoginPacketListenerImpl.mdd9f6d1$skinrestorer$lambda$waitForSkin$0$4(ServerLoginPacketListenerImpl.java:1597)
	at java.base/java.util.concurrent.CompletableFuture$AsyncSupply.run(CompletableFuture.java:1789)
	at java.base/java.util.concurrent.ThreadPoolExecutor.runWorker(ThreadPoolExecutor.java:1090)
	at java.base/java.util.concurrent.ThreadPoolExecutor$Worker.run(ThreadPoolExecutor.java:614)
	at java.base/java.lang.Thread.run(Thread.java:1474)
[04:00:11] [Server thread/INFO]: adrx2345[/127.252.244.26:60975] logged in with entity id 3239 at (-4.901198508312043, 145.0, -1.486908031548479)
[04:00:11] [Server thread/INFO]: [Jackson 5] adrx2345 joined the game
[04:00:11] [Server thread/INFO]: [voicechat] Received secret request of adrx2345 (20)
[04:00:11] [Server thread/INFO]: [voicechat] Sent secret to adrx2345
[04:00:11] [VoiceChatPacketProcessingThread/INFO]: [voicechat] Successfully authenticated player 15f74961-87a7-3be8-9787-0dc57382803b
[04:00:12] [VoiceChatPacketProcessingThread/INFO]: [voicechat] Successfully validated connection of player 15f74961-87a7-3be8-9787-0dc57382803b
[04:00:12] [VoiceChatPacketProcessingThread/INFO]: [voicechat] Player adrx2345 (15f74961-87a7-3be8-9787-0dc57382803b) successfully connected to voice chat
[04:00:13] [Server thread/INFO]: Zack_201[/127.184.41.131:47349] logged in with entity id 3261 at (233.00507532601452, 50.15677160957256, -222.7318335106141)
[04:00:13] [Server thread/INFO]: [M-CUARTAS] Zack_201 joined the game
[04:00:14] [Server thread/INFO]: [voicechat] Received secret request of Zack_201 (20)
[04:00:14] [Server thread/INFO]: [voicechat] Sent secret to Zack_201
[04:00:14] [VoiceChatPacketProcessingThread/INFO]: [voicechat] Successfully authenticated player 3fa830de-284c-3e51-b197-89bb104c814a
[04:00:14] [Server thread/INFO]: [Not Secure] <[M-CUARTAS] Thes912> falta alguien?
[04:00:15] [Server thread/INFO]: ToxicElah[/127.184.41.131:54421] logged in with entity id 3279 at (231.79375941471957, 53.0, -228.8623873420403)
[04:00:15] [Server thread/INFO]: [M-CUARTAS] ToxicElah joined the game
[04:00:15] [VoiceChatPacketProcessingThread/INFO]: [voicechat] Successfully validated connection of player 3fa830de-284c-3e51-b197-89bb104c814a
[04:00:15] [VoiceChatPacketProcessingThread/INFO]: [voicechat] Player Zack_201 (3fa830de-284c-3e51-b197-89bb104c814a) successfully connected to voice chat
[04:00:18] [Server thread/INFO]: Named entity HappyGhast['La ñema mia'/1140, l='ServerLevel[world]', x=-89.36, y=79.50, z=-130.95] died: La ñema mia was shot by [LocosPorLasGoticas] Frank38kyt
[04:00:30] [Server thread/INFO]: [[ADMIN] SulfurYT: Teleported [Alfajores] MayStormahh to [ADMIN] SulfurYT]
[04:00:36] [Server thread/INFO]: [[ADMIN] SulfurYT: Set [Alfajores] MayStormahh's game mode to Survival Mode]
[04:00:41] [Server thread/INFO]: [Not Secure] <[ADMIN] SulfurYT> no jodas
[04:00:41] [Server thread/INFO]: [Jackson 5] pasifista89 fell from a high place
[04:00:44] [Server thread/INFO]: [Not Secure] <[Alfajores] MayStormahh> :(
[04:00:48] [Server thread/INFO]: [Not Secure] <[Jackson 5] onytx> uy pava
[04:00:49] [Server thread/INFO]: [Not Secure] <[Jackson 5] onytx> XD
[04:00:52] [Server thread/INFO]: [Not Secure] <[M-CUARTAS] Thes912> que putas pava
[04:00:55] [Server thread/INFO]: [[ADMIN] SulfurYT: Teleported [ADMIN] SulfurYT to -289.500000, 80.000000, 1463.500000]
[04:00:56] [Server thread/INFO]: [Not Secure] <[Jackson 5] pasifista89> man
[04:00:57] [Server thread/INFO]: [Not Secure] <[LocosPorLasGoticas] Alex554> ESE TENIA QUE SER YOO
[04:01:02] [Server thread/INFO]: [Not Secure] <[Jackson 5] onytx> trolleando desde la cuna
[04:01:02] [Server thread/INFO]: [Not Secure] <[LocosPorLasGoticas] Alex554> YO TE TENIA QUE MATAR
[04:01:03] [Server thread/INFO]: [Not Secure] <[Jackson 5] pasifista89> lagaso
[04:01:18] [Server thread/INFO]: [[ADMIN] SulfurYT: Teleported [ADMIN] SulfurYT to [Alfajores] MayStormahh]
[04:01:21] [Server thread/INFO]: [Not Secure] <[Jackson 5] pasifista89> estoy friiis
[04:01:29] [Server thread/INFO]: [[ADMIN] SulfurYT: Teleported [Alfajores] Squiell to [ADMIN] SulfurYT]
[04:01:29] [Server thread/WARN]: sartrefly moved too quickly! -0.699267202881515,0.0,11.061227637664299
[04:01:30] [Server thread/INFO]: [Not Secure] <[M-CUARTAS] Thes912> agarra tus cosas pues
[04:01:33] [Server thread/INFO]: [Not Secure] <[M-CUARTAS] Thes912> aun no hemos iniciado
[04:01:36] [Server thread/INFO]: [[ADMIN] SulfurYT: Set [Alfajores] Squiell's game mode to Survival Mode]
[04:01:44] [Server thread/INFO]: [[ADMIN] SulfurYT: Teleported [Alfajores] fred31212 to [ADMIN] SulfurYT]
[04:01:44] [Server thread/INFO]: [Not Secure] <[M-CUARTAS] Thes912> SulfurYT ayudalo a que agarre sus cosas
[04:01:45] [Server thread/INFO]: [Not Secure] <[Jackson 5] pasifista89> no puedo movermeee jajajajja
[04:01:50] [Server thread/INFO]: [Not Secure] <[M-CUARTAS] Thes912> sebasssssss
[04:01:52] [Server thread/INFO]: [[ADMIN] SulfurYT: Set [Alfajores] fred31212's game mode to Survival Mode]
[04:02:32] [Server thread/INFO]: [Su Mama] XkewX has made the advancement [Hot Stuff]
[04:03:20] [Server thread/INFO]: [[ADMIN] SulfurYT: Gave 100 experience levels to [Alfajores] MayStormahh]
[04:03:30] [Server thread/INFO]: [[ADMIN] SulfurYT: Gave 100 experience levels to [Alfajores] Squiell]
[04:03:33] [Server thread/INFO]: [Not Secure] <[M-CUARTAS] Crispeta1105> Uruguay solo tiene 2 mundiales
[04:03:37] [Server thread/INFO]: [[ADMIN] SulfurYT: Gave 100 experience levels to [Alfajores] fred31212]
[04:03:52] [VoiceChatPacketProcessingThread/INFO]: [voicechat] Player 80ecb5c7-c815-379b-bf25-a5c3b5591d20 timed out
[04:03:52] [VoiceChatPacketProcessingThread/INFO]: [voicechat] Reconnecting player SulfurYT
[04:03:52] [VoiceChatPacketProcessingThread/INFO]: [voicechat] Sent secret to SulfurYT
[04:03:52] [VoiceChatPacketProcessingThread/INFO]: [voicechat] Successfully authenticated player 80ecb5c7-c815-379b-bf25-a5c3b5591d20
[04:03:53] [VoiceChatPacketProcessingThread/INFO]: [voicechat] Successfully validated connection of player 80ecb5c7-c815-379b-bf25-a5c3b5591d20
[04:03:53] [VoiceChatPacketProcessingThread/INFO]: [voicechat] Player SulfurYT (80ecb5c7-c815-379b-bf25-a5c3b5591d20) successfully connected to voice chat
[04:03:54] [Server thread/INFO]: [Not Secure] <[M-CUARTAS] Thes912> EMPEZAMOS MUCHACHOS
[04:03:58] [Server thread/INFO]: [Not Secure] <[M-CUARTAS] Thes912> DE ONEEE
[04:04:21] [Server thread/INFO]: [Not Secure] <[Jackson 5] onytx> cambiaron de opinion?
[04:04:44] [Server thread/INFO]: [Not Secure] <[M-CUARTAS] Thes912> ponelos en espectador a los alfajores
[04:04:52] [Server thread/INFO]: [Not Secure] <[Alfajores] Squiell> q
[04:04:55] [Server thread/INFO]: [Not Secure] <[LocosPorLasGoticas] Alex554> GONZA murio?
[04:04:56] [Server thread/INFO]: [Not Secure] <[M-CUARTAS] Thes912> para
[04:04:59] [Server thread/INFO]: [Not Secure] <[Alfajores] Squiell> nos está equipando el hombre aca
[04:05:01] [Server thread/INFO]: [M-CUARTAS] Zack_201 has made the advancement [Ol' Betsy]
[04:05:08] [Server thread/INFO]: [Not Secure] <[M-CUARTAS] Thes912> peren
[04:05:23] [Server thread/INFO]: [Not Secure] <[M-CUARTAS] Thes912> el tiempo se retrocedio antes de que murieran???
[04:05:29] [Server thread/INFO]: [Jackson 5] Ram_NK has made the advancement [Glow and Behold!]
[04:05:31] [Server thread/INFO]: [Not Secure] <[Jackson 5] onytx> si
[04:06:54] [Server thread/INFO]: Ram_NK lost connection: Disconnected
[04:06:54] [Server thread/INFO]: [Jackson 5] Ram_NK left the game
[04:06:54] [Server thread/INFO]: [voicechat] Disconnecting client Ram_NK
[04:06:57] [SkinRestorer-Fetch-14/WARN]: Failed to fetch skin 'mojang:Ram_NK'
java.lang.IllegalStateException: not found
	at knot//net.lionarius.skinrestorer.util.WebUtils.throwOnClientErrors(WebUtils.java:141)
	at knot//net.lionarius.skinrestorer.skin.provider.base.YggdrasilSkinProvider.getProfile(YggdrasilSkinProvider.java:52)
	at knot//net.lionarius.skinrestorer.skin.provider.builtin.MojangSkinProvider.access$100(MojangSkinProvider.java:19)
	at knot//net.lionarius.skinrestorer.skin.provider.builtin.MojangSkinProvider$1.findProfileByName(MojangSkinProvider.java:58)
	at knot//net.minecraft.server.players.CachedUserNameToIdResolver.lookupGameProfile(CachedUserNameToIdResolver.java:73)
	at knot//net.minecraft.server.players.CachedUserNameToIdResolver.get(CachedUserNameToIdResolver.java:134)
	at knot//net.lionarius.skinrestorer.skin.provider.builtin.MojangSkinProvider.resolveUuid(MojangSkinProvider.java:89)
	at knot//net.lionarius.skinrestorer.skin.provider.base.ProfileSkinProvider.getCacheKey(ProfileSkinProvider.java:63)
	at knot//net.lionarius.skinrestorer.skin.provider.base.ProfileSkinProvider.getCacheKey(ProfileSkinProvider.java:19)
	at knot//net.lionarius.skinrestorer.skin.provider.base.AbstractSkinProvider.fetchSkin(AbstractSkinProvider.java:52)
	at knot//net.minecraft.server.network.ServerLoginPacketListenerImpl.mdd9f6d1$skinrestorer$lambda$skinrestorer$fetchSkin$0$1(ServerLoginPacketListenerImpl.java:1641)
	at java.base/java.util.Optional.map(Optional.java:260)
	at knot//net.minecraft.server.network.ServerLoginPacketListenerImpl.skinrestorer$fetchSkin(ServerLoginPacketListenerImpl.java:1641)
	at knot//net.minecraft.server.network.ServerLoginPacketListenerImpl.mdd9f6d1$skinrestorer$lambda$waitForSkin$0$4(ServerLoginPacketListenerImpl.java:1597)
	at java.base/java.util.concurrent.CompletableFuture$AsyncSupply.run(CompletableFuture.java:1789)
	at java.base/java.util.concurrent.ThreadPoolExecutor.runWorker(ThreadPoolExecutor.java:1090)
	at java.base/java.util.concurrent.ThreadPoolExecutor$Worker.run(ThreadPoolExecutor.java:614)
	at java.base/java.lang.Thread.run(Thread.java:1474)
[04:06:58] [Server thread/INFO]: Ram_NK[/127.119.157.254:33539] logged in with entity id 8214 at (-73.02199172545342, 145.0, -7.3509215900017475)
[04:06:58] [Server thread/INFO]: [Jackson 5] Ram_NK joined the game
[04:06:58] [Server thread/INFO]: [voicechat] Received secret request of Ram_NK (20)
[04:06:58] [Server thread/INFO]: [voicechat] Sent secret to Ram_NK
[04:06:58] [VoiceChatPacketProcessingThread/INFO]: [voicechat] Successfully authenticated player 232f46f4-5c92-3828-9a58-99dd8a7d91b1
[04:06:59] [VoiceChatPacketProcessingThread/INFO]: [voicechat] Successfully validated connection of player 232f46f4-5c92-3828-9a58-99dd8a7d91b1
[04:06:59] [VoiceChatPacketProcessingThread/INFO]: [voicechat] Player Ram_NK (232f46f4-5c92-3828-9a58-99dd8a7d91b1) successfully connected to voice chat
[04:07:08] [Server thread/INFO]: Ram_NK lost connection: Disconnected
[04:07:08] [Server thread/INFO]: [Jackson 5] Ram_NK left the game
[04:07:08] [Server thread/INFO]: [voicechat] Disconnecting client Ram_NK
[04:07:11] [SkinRestorer-Fetch-15/WARN]: Failed to fetch skin 'mojang:Ram_NK'
java.lang.IllegalStateException: not found
	at knot//net.lionarius.skinrestorer.util.WebUtils.throwOnClientErrors(WebUtils.java:141)
	at knot//net.lionarius.skinrestorer.skin.provider.base.YggdrasilSkinProvider.getProfile(YggdrasilSkinProvider.java:52)
	at knot//net.lionarius.skinrestorer.skin.provider.builtin.MojangSkinProvider.access$100(MojangSkinProvider.java:19)
	at knot//net.lionarius.skinrestorer.skin.provider.builtin.MojangSkinProvider$1.findProfileByName(MojangSkinProvider.java:58)
	at knot//net.minecraft.server.players.CachedUserNameToIdResolver.lookupGameProfile(CachedUserNameToIdResolver.java:73)
	at knot//net.minecraft.server.players.CachedUserNameToIdResolver.get(CachedUserNameToIdResolver.java:134)
	at knot//net.lionarius.skinrestorer.skin.provider.builtin.MojangSkinProvider.resolveUuid(MojangSkinProvider.java:89)
	at knot//net.lionarius.skinrestorer.skin.provider.base.ProfileSkinProvider.getCacheKey(ProfileSkinProvider.java:63)
	at knot//net.lionarius.skinrestorer.skin.provider.base.ProfileSkinProvider.getCacheKey(ProfileSkinProvider.java:19)
	at knot//net.lionarius.skinrestorer.skin.provider.base.AbstractSkinProvider.fetchSkin(AbstractSkinProvider.java:52)
	at knot//net.minecraft.server.network.ServerLoginPacketListenerImpl.mdd9f6d1$skinrestorer$lambda$skinrestorer$fetchSkin$0$1(ServerLoginPacketListenerImpl.java:1641)
	at java.base/java.util.Optional.map(Optional.java:260)
	at knot//net.minecraft.server.network.ServerLoginPacketListenerImpl.skinrestorer$fetchSkin(ServerLoginPacketListenerImpl.java:1641)
	at knot//net.minecraft.server.network.ServerLoginPacketListenerImpl.mdd9f6d1$skinrestorer$lambda$waitForSkin$0$4(ServerLoginPacketListenerImpl.java:1597)
	at java.base/java.util.concurrent.CompletableFuture$AsyncSupply.run(CompletableFuture.java:1789)
	at java.base/java.util.concurrent.ThreadPoolExecutor.runWorker(ThreadPoolExecutor.java:1090)
	at java.base/java.util.concurrent.ThreadPoolExecutor$Worker.run(ThreadPoolExecutor.java:614)
	at java.base/java.lang.Thread.run(Thread.java:1474)
[04:07:12] [Server thread/INFO]: Ram_NK[/127.119.157.254:53453] logged in with entity id 8409 at (-73.42640914963161, 145.0, -7.487602970319296)
[04:07:12] [Server thread/INFO]: [Jackson 5] Ram_NK joined the game
[04:07:12] [Server thread/INFO]: [voicechat] Received secret request of Ram_NK (20)
[04:07:12] [Server thread/INFO]: [voicechat] Sent secret to Ram_NK
[04:07:12] [VoiceChatPacketProcessingThread/INFO]: [voicechat] Successfully authenticated player 232f46f4-5c92-3828-9a58-99dd8a7d91b1
[04:07:13] [VoiceChatPacketProcessingThread/INFO]: [voicechat] Successfully validated connection of player 232f46f4-5c92-3828-9a58-99dd8a7d91b1
[04:07:13] [VoiceChatPacketProcessingThread/INFO]: [voicechat] Player Ram_NK (232f46f4-5c92-3828-9a58-99dd8a7d91b1) successfully connected to voice chat
[04:07:19] [Server thread/INFO]: Ram_NK lost connection: Disconnected
[04:07:19] [Server thread/INFO]: [Jackson 5] Ram_NK left the game
[04:07:19] [Server thread/INFO]: [voicechat] Disconnecting client Ram_NK
[04:07:22] [SkinRestorer-Fetch-16/WARN]: Failed to fetch skin 'mojang:Ram_NK'
java.lang.IllegalStateException: not found
	at knot//net.lionarius.skinrestorer.util.WebUtils.throwOnClientErrors(WebUtils.java:141)
	at knot//net.lionarius.skinrestorer.skin.provider.base.YggdrasilSkinProvider.getProfile(YggdrasilSkinProvider.java:52)
	at knot//net.lionarius.skinrestorer.skin.provider.builtin.MojangSkinProvider.access$100(MojangSkinProvider.java:19)
	at knot//net.lionarius.skinrestorer.skin.provider.builtin.MojangSkinProvider$1.findProfileByName(MojangSkinProvider.java:58)
	at knot//net.minecraft.server.players.CachedUserNameToIdResolver.lookupGameProfile(CachedUserNameToIdResolver.java:73)
	at knot//net.minecraft.server.players.CachedUserNameToIdResolver.get(CachedUserNameToIdResolver.java:134)
	at knot//net.lionarius.skinrestorer.skin.provider.builtin.MojangSkinProvider.resolveUuid(MojangSkinProvider.java:89)
	at knot//net.lionarius.skinrestorer.skin.provider.base.ProfileSkinProvider.getCacheKey(ProfileSkinProvider.java:63)
	at knot//net.lionarius.skinrestorer.skin.provider.base.ProfileSkinProvider.getCacheKey(ProfileSkinProvider.java:19)
	at knot//net.lionarius.skinrestorer.skin.provider.base.AbstractSkinProvider.fetchSkin(AbstractSkinProvider.java:52)
	at knot//net.minecraft.server.network.ServerLoginPacketListenerImpl.mdd9f6d1$skinrestorer$lambda$skinrestorer$fetchSkin$0$1(ServerLoginPacketListenerImpl.java:1641)
	at java.base/java.util.Optional.map(Optional.java:260)
	at knot//net.minecraft.server.network.ServerLoginPacketListenerImpl.skinrestorer$fetchSkin(ServerLoginPacketListenerImpl.java:1641)
	at knot//net.minecraft.server.network.ServerLoginPacketListenerImpl.mdd9f6d1$skinrestorer$lambda$waitForSkin$0$4(ServerLoginPacketListenerImpl.java:1597)
	at java.base/java.util.concurrent.CompletableFuture$AsyncSupply.run(CompletableFuture.java:1789)
	at java.base/java.util.concurrent.ThreadPoolExecutor.runWorker(ThreadPoolExecutor.java:1090)
	at java.base/java.util.concurrent.ThreadPoolExecutor$Worker.run(ThreadPoolExecutor.java:614)
	at java.base/java.lang.Thread.run(Thread.java:1474)
[04:07:22] [Server thread/INFO]: Ram_NK[/127.119.157.254:39105] logged in with entity id 8623 at (-73.86838862915842, 145.0, -7.533941137106598)
[04:07:22] [Server thread/INFO]: [Jackson 5] Ram_NK joined the game
[04:07:23] [Server thread/INFO]: [voicechat] Received secret request of Ram_NK (20)
[04:07:23] [Server thread/INFO]: [voicechat] Sent secret to Ram_NK
[04:07:23] [VoiceChatPacketProcessingThread/INFO]: [voicechat] Successfully authenticated player 232f46f4-5c92-3828-9a58-99dd8a7d91b1
[04:07:24] [VoiceChatPacketProcessingThread/INFO]: [voicechat] Successfully validated connection of player 232f46f4-5c92-3828-9a58-99dd8a7d91b1
[04:07:24] [VoiceChatPacketProcessingThread/INFO]: [voicechat] Player Ram_NK (232f46f4-5c92-3828-9a58-99dd8a7d91b1) successfully connected to voice chat
[04:07:25] [Server thread/INFO]: [M-CUARTAS] ToxicElah has made the advancement [Ol' Betsy]
[04:07:33] [Server thread/INFO]: [Not Secure] <[M-CUARTAS] Thes912> muchachos
[04:07:34] [Server thread/WARN]: sartrefly moved too quickly! -3.693323506011609,0.0,-9.967541280985841
[04:08:07] [Server thread/INFO]: [Not Secure] <[M-CUARTAS] Thes912> el sv se retrocedio antes de q murieran los alfajores
[04:08:13] [Server thread/INFO]: [Not Secure] <[M-CUARTAS] Thes912> tienen problema si les permitimos seguir?
[04:08:24] [Server thread/INFO]: [Not Secure] <[Jackson 5] onytx> no problem
[04:08:24] [Server thread/INFO]: [Not Secure] <[LocosPorLasGoticas] Frank38kyt> da igual
[04:08:26] [Server thread/INFO]: [Not Secure] <[LocosPorLasGoticas] Alex554> Sí
[04:08:31] [Server thread/INFO]: [Not Secure] <[M-CUARTAS] Thes912> listo
[04:08:36] [Server thread/INFO]: [Not Secure] <[LocosPorLasGoticas] Alex554> Mentira, ya los matamos
[04:08:37] [Server thread/INFO]: [Not Secure] <[ADMIN] SulfurYT> listo ya los pongo por el centro
[04:08:42] [Server thread/INFO]: [Not Secure] <[M-CUARTAS] Thes912> de one
[04:08:46] [Server thread/INFO]: Juandi lost connection: Disconnected
[04:08:46] [Server thread/INFO]: [Jackson 5] Juandi left the game
[04:08:46] [Server thread/INFO]: [voicechat] Disconnecting client Juandi
[04:08:47] [Server thread/INFO]: [Not Secure] <[M-CUARTAS] Thes912> avisan cuando ya pues
[04:08:49] [Server thread/INFO]: [Not Secure] <[Jackson 5] pasifista89> q?
[04:08:49] [Server thread/INFO]: [Not Secure] <[M-CUARTAS] Thes912> pone de dia mientras
[04:08:51] [VoiceChatPacketProcessingThread/INFO]: [voicechat] Player 80ecb5c7-c815-379b-bf25-a5c3b5591d20 timed out
[04:08:51] [VoiceChatPacketProcessingThread/INFO]: [voicechat] Reconnecting player SulfurYT
[04:08:51] [VoiceChatPacketProcessingThread/INFO]: [voicechat] Sent secret to SulfurYT
[04:08:52] [VoiceChatPacketProcessingThread/INFO]: [voicechat] Successfully authenticated player 80ecb5c7-c815-379b-bf25-a5c3b5591d20
[04:08:52] [Server thread/INFO]: Juandi[/127.68.14.213:47861] logged in with entity id 9431 at (-75.66626146477304, 145.0, -7.019716151365814)
[04:08:52] [Server thread/INFO]: [Jackson 5] Juandi joined the game
[04:08:52] [Server thread/INFO]: [voicechat] Received secret request of Juandi (20)
[04:08:52] [Server thread/INFO]: [voicechat] Sent secret to Juandi
[04:08:52] [VoiceChatPacketProcessingThread/INFO]: [voicechat] Successfully authenticated player 1f078f4d-e32e-3eac-87be-a90e8fe132c1
[04:08:53] [VoiceChatPacketProcessingThread/INFO]: [voicechat] Successfully validated connection of player 80ecb5c7-c815-379b-bf25-a5c3b5591d20
[04:08:53] [VoiceChatPacketProcessingThread/INFO]: [voicechat] Player SulfurYT (80ecb5c7-c815-379b-bf25-a5c3b5591d20) successfully connected to voice chat
[04:08:53] [VoiceChatPacketProcessingThread/INFO]: [voicechat] Successfully validated connection of player 1f078f4d-e32e-3eac-87be-a90e8fe132c1
[04:08:53] [VoiceChatPacketProcessingThread/INFO]: [voicechat] Player Juandi (1f078f4d-e32e-3eac-87be-a90e8fe132c1) successfully connected to voice chat
[04:09:03] [Server thread/INFO]: [Not Secure] <[Jackson 5] pasifista89> uuuuuuuuu, le esta ordenando
[04:09:11] [Server thread/INFO]: [Not Secure] <[M-CUARTAS] Thes912> bombero hpta
[04:09:15] [Server thread/INFO]: [Not Secure] <[M-CUARTAS] Thes912> te caiste del palo y te mataste
[04:09:15] [Server thread/INFO]: [Not Secure] <[LocosPorLasGoticas] Alex554> Y no le hace caso XD
[04:09:51] [Server thread/INFO]: [[ADMIN] SulfurYT: Set minecraft:overworld to 0 tick(s)]
[04:09:52] [Server thread/INFO]: [Jackson 5] pasifista89 has made the advancement [Hot Stuff]
[04:09:59] [Server thread/INFO]: [Not Secure] <[M-CUARTAS] Thes912> ya estan ready alfajores?
[04:11:19] [Server thread/INFO]: [Not Secure] <[Jackson 5] onytx> million dollars bay
[04:11:25] [Server thread/INFO]: [Not Secure] <[Jackson 5] onytx> bi
[04:11:29] [Server thread/INFO]: [Not Secure] <[Jackson 5] onytx> XD
[04:11:45] [Server thread/INFO]: [Not Secure] <[Jackson 5] pasifista89> el siguiente en escribir es putoooooo
[04:11:53] [Server thread/INFO]: [[ADMIN] SulfurYT: Teleported [Alfajores] fred31212 to [ADMIN] SulfurYT]
[04:12:03] [Server thread/INFO]: [[ADMIN] SulfurYT: Teleported [Alfajores] MayStormahh to [ADMIN] SulfurYT]
[04:12:08] [Server thread/INFO]: [[ADMIN] SulfurYT: Teleported [Alfajores] Squiell to [ADMIN] SulfurYT]
[04:12:12] [Server thread/INFO]: [Not Secure] <[ADMIN] SulfurYT> listo los alfajores ya estan
[04:12:13] [Server thread/WARN]: sartrefly moved too quickly! 1.0863623202758088,-3.3747383203857453,9.51173745987991
[04:12:16] [Server thread/INFO]: [Not Secure] <[M-CUARTAS] Thes912> tpealos por ahi
[04:12:18] [Server thread/INFO]: [Not Secure] <[M-CUARTAS] Thes912> y empezemos
[04:12:21] [Server thread/INFO]: [Not Secure] <[ADMIN] SulfurYT> yap
[04:12:24] [Server thread/INFO]: [Not Secure] <[M-CUARTAS] Thes912> a la cuenta tuya bro
[04:12:25] [Server thread/INFO]: [Not Secure] <[ADMIN] SulfurYT> ya quedo esto
[04:12:27] [Server thread/INFO]: [Not Secure] <[ADMIN] SulfurYT> 3
[04:12:29] [Server thread/INFO]: [Not Secure] <[ADMIN] SulfurYT> 2
[04:12:30] [Server thread/INFO]: [Not Secure] <[ADMIN] SulfurYT> 1
[04:12:32] [Server thread/INFO]: [Not Secure] <[ADMIN] SulfurYT> va
[04:12:33] [Server thread/INFO]: [Not Secure] <[M-CUARTAS] Thes912> y reduce mas la zona como a 200 bloques pero lentoooo
[04:12:56] [Server thread/INFO]: [Not Secure] <[ADMIN] SulfurYT> por ahi que otra media hora?
[04:13:09] [Server thread/INFO]: [[ADMIN] SulfurYT: Set own game mode to Spectator Mode]
[04:13:12] [Server thread/INFO]: [[ADMIN] SulfurYT: Teleported [ADMIN] SulfurYT to [Jackson 5] pasifista89]
[04:13:21] [Server thread/INFO]: [Not Secure] <[M-CUARTAS] Thes912> 20 min
[04:13:23] [Server thread/INFO]: [[ADMIN] SulfurYT: Teleported [ADMIN] SulfurYT to [M-CUARTAS] Thes912]
[04:13:26] [Server thread/INFO]: [Not Secure] <[LocosPorLasGoticas] Alex554> Oigan
[04:13:26] [Server thread/INFO]: [Not Secure] <[Jackson 5] adrx2345> pa q
[04:13:27] [Server thread/INFO]: [Not Secure] <[M-CUARTAS] Thes912> todos estan en el centro igual ya no?
[04:13:32] [Server thread/INFO]: [Not Secure] <[ADMIN] SulfurYT> seh
[04:14:06] [Server thread/INFO]: [Not Secure] <[M-CUARTAS] Crispeta1105> HPPPPSSSSSSSS
[04:14:07] [Server thread/INFO]: [Not Secure] <[M-CUARTAS] Thes912> QUIEN NOS MATO AL HAPPY GHASTTT
[04:14:11] [Server thread/INFO]: [Not Secure] <[M-CUARTAS] Thes912> MATARON A MI ÑENGAAAA
[04:14:14] [Server thread/INFO]: [Not Secure] <[M-CUARTAS] Crispeta1105> DESGRACIADOS HPS
[04:14:18] [Server thread/INFO]: [Su Mama] 8GONZO8 has made the advancement [Minecraft: Trial(s) Edition]
[04:14:23] [Server thread/INFO]: [Alfajores] Squiell has made the advancement [Take Aim]
[04:14:24] [Server thread/INFO]: [[ADMIN] SulfurYT: Shrinking the world border to 400.0 block(s) wide over 1200.00 second(s)]
[04:14:48] [Server thread/INFO]: [Alfajores] fred31212 has made the advancement [Take Aim]
[04:14:53] [Server thread/INFO]: [Not Secure] <[ADMIN] SulfurYT> listo la zona se reducira aun mas a lo largo de 20 min
[04:15:07] [Server thread/INFO]: [[ADMIN] SulfurYT: Teleported [ADMIN] SulfurYT to [M-CUARTAS] Thes912]
[04:15:15] [Server thread/INFO]: [Jackson 5] pasifista89 was doomed to fall
[04:15:23] [Server thread/INFO]: [Not Secure] <[M-CUARTAS] Thes912> vos sos muy bobo
[04:15:23] [Server thread/INFO]: [Not Secure] <[LocosPorLasGoticas] Alex554> ?
[04:15:26] [Server thread/INFO]: [[ADMIN] SulfurYT: Set own game mode to Survival Mode]
[04:15:26] [Server thread/INFO]: [Not Secure] <[LocosPorLasGoticas] Alex554> DIOS
[04:15:28] [Server thread/INFO]: [ADMIN] SulfurYT fell from a high place
[04:15:32] [Server thread/INFO]: [Not Secure] <[M-CUARTAS] Thes912> gg admin
[04:15:38] [Server thread/INFO]: [Not Secure] <[LocosPorLasGoticas] Alex554> Mataron a dios
[04:15:40] [Server thread/INFO]: [Not Secure] <[Jackson 5] pasifista89> no bro, ahi si fue legal
[04:15:41] [Server thread/INFO]: [Not Secure] <[ADMIN] SulfurYT> queria acompañar a pava
[04:15:46] [Server thread/INFO]: [[ADMIN] SulfurYT: Set own game mode to Creative Mode]
[04:15:55] [Server thread/INFO]: [[ADMIN] SulfurYT: Teleported [Jackson 5] pasifista89 to [ADMIN] SulfurYT]
[04:16:13] [Server thread/INFO]: [Not Secure] <[ADMIN] SulfurYT> ya estoy en el cielo con pava
[04:16:29] [Server thread/INFO]: [Not Secure] <[M-CUARTAS] Thes912> pasifista89 fue un airdrop}
[04:16:29] [Server thread/INFO]: [[ADMIN] SulfurYT: Set [Jackson 5] pasifista89's game mode to Spectator Mode]
[04:16:34] [Server thread/INFO]: [Jackson 5] Juandi was burned to a crisp while fighting [Alfajores] fred31212
[04:16:41] [Server thread/INFO]: [[ADMIN] SulfurYT: Teleported [ADMIN] SulfurYT to [Alfajores] MayStormahh]
[04:16:44] [Server thread/INFO]: [Jackson 5] Ram_NK was slain by [Alfajores] fred31212
[04:16:58] [Server thread/INFO]: [[ADMIN] SulfurYT: Set own game mode to Spectator Mode]
[04:17:44] [Server thread/INFO]: [[ADMIN] SulfurYT: Teleported [ADMIN] SulfurYT to [Jackson 5] Juandi]
[04:17:44] [Server thread/INFO]: [Jackson 5] Ram_NK has made the advancement [Getting an Upgrade]
[04:17:51] [Server thread/INFO]: [[ADMIN] SulfurYT: Set [Jackson 5] Juandi's game mode to Spectator Mode]
[04:17:54] [Server thread/INFO]: [[ADMIN] SulfurYT: Teleported [ADMIN] SulfurYT to [Jackson 5] Ram_NK]
[04:18:16] [Server thread/INFO]: [[ADMIN] SulfurYT: Set [Jackson 5] Ram_NK's game mode to Spectator Mode]
[04:18:23] [Server thread/INFO]: [Jackson 5] adrx2345 was slain by [Alfajores] fred31212
[04:18:33] [Server thread/INFO]: [[ADMIN] SulfurYT: Set [Jackson 5] adrx2345's game mode to Spectator Mode]
[04:18:39] [Server thread/INFO]: [[ADMIN] SulfurYT: Teleported [ADMIN] SulfurYT to [Jackson 5] onytx]
[04:18:59] [Server thread/INFO]: [[ADMIN] SulfurYT: Teleported [Jackson 5] Ram_NK to [Jackson 5] pasifista89]
[04:19:45] [Server thread/INFO]: [LocosPorLasGoticas] Frank38kyt was burned to a crisp while fighting [Alfajores] Squiell
[04:19:55] [Server thread/INFO]: [[ADMIN] SulfurYT: Set own game mode to Creative Mode]
[04:20:28] [Server thread/INFO]: [Su Mama] XkewX was slain by [Alfajores] Squiell
[04:20:36] [Server thread/INFO]: [[ADMIN] SulfurYT: Set [Su Mama] XkewX's game mode to Spectator Mode]
[04:21:36] [Server thread/INFO]: [Jackson 5] onytx was slain by [Alfajores] fred31212
[04:21:39] [Server thread/INFO]: [Not Secure] <[Jackson 5] onytx> gg
[04:21:45] [Server thread/WARN]: Mismatch in destroy block pos: BlockPos{x=63, y=65, z=-82} BlockPos{x=64, y=65, z=-80}
[04:21:45] [Server thread/INFO]: [Not Secure] <[Alfajores] fred31212> bien jugado
[04:21:50] [Server thread/INFO]: [[ADMIN] SulfurYT: Summoned new Wither]
[04:21:50] [Server thread/INFO]: [Not Secure] <[Jackson 5] onytx> ty :D
[04:22:05] [Server thread/INFO]: [Not Secure] <[Jackson 5] onytx> bno
[04:22:31] [Server thread/INFO]: [[ADMIN] SulfurYT: Set [Jackson 5] onytx's game mode to Spectator Mode]
[04:22:49] [Server thread/INFO]: [[ADMIN] SulfurYT: Set [LocosPorLasGoticas] Frank38kyt's game mode to Spectator Mode]
[04:22:49] [Server thread/INFO]: Juandi lost connection: Disconnected
[04:22:49] [Server thread/INFO]: [Jackson 5] Juandi left the game
[04:22:49] [Server thread/INFO]: [voicechat] Disconnecting client Juandi
[04:23:29] [Server thread/INFO]: [Alfajores] MayStormahh was shot by [M-CUARTAS] Zack_201
[04:23:36] [Server thread/INFO]: [[ADMIN] SulfurYT: Teleported Wither to [ADMIN] SulfurYT]
[04:23:52] [VoiceChatPacketProcessingThread/INFO]: [voicechat] Player 80ecb5c7-c815-379b-bf25-a5c3b5591d20 timed out
[04:23:52] [VoiceChatPacketProcessingThread/INFO]: [voicechat] Reconnecting player SulfurYT
[04:23:52] [VoiceChatPacketProcessingThread/INFO]: [voicechat] Sent secret to SulfurYT
[04:23:52] [VoiceChatPacketProcessingThread/INFO]: [voicechat] Successfully authenticated player 80ecb5c7-c815-379b-bf25-a5c3b5591d20
[04:23:53] [VoiceChatPacketProcessingThread/INFO]: [voicechat] Successfully validated connection of player 80ecb5c7-c815-379b-bf25-a5c3b5591d20
[04:23:53] [VoiceChatPacketProcessingThread/INFO]: [voicechat] Player SulfurYT (80ecb5c7-c815-379b-bf25-a5c3b5591d20) successfully connected to voice chat
[04:24:26] [Server thread/INFO]: [[ADMIN] SulfurYT: Set [Alfajores] MayStormahh's game mode to Spectator Mode]
[04:24:29] [Server thread/INFO]: [Not Secure] <[Jackson 5] pasifista89> el que lo lea me la chup
[04:24:59] [Server thread/INFO]: [Alfajores] Squiell was burned to a crisp while fighting [M-CUARTAS] Thes912
[04:25:03] [Server thread/INFO]: [M-CUARTAS] ToxicElah withered away while fighting Wither
[04:25:07] [Server thread/INFO]: [Not Secure] <[Alfajores] Squiell> wp
[04:25:08] [Server thread/INFO]: [[ADMIN] SulfurYT: Set [Alfajores] Squiell's game mode to Spectator Mode]
[04:25:52] [Server thread/INFO]: [[ADMIN] SulfurYT: Teleported Wither to [ADMIN] SulfurYT]
[04:25:59] [Server thread/INFO]: [Not Secure] <[Alfajores] Squiell> sakjfskdfjgksdfhk
[04:26:22] [Server thread/INFO]: [[ADMIN] SulfurYT: Teleported Wither to [ADMIN] SulfurYT]
[04:26:46] [Server thread/INFO]: [[ADMIN] SulfurYT: Set [M-CUARTAS] ToxicElah's game mode to Spectator Mode]
[04:27:13] [Server thread/INFO]: Villager Villager['Librarian'/615, l='ServerLevel[world]', x=-31.28, y=62.94, z=-17.70] died, message: 'Librarian was slain by Zombie'
[04:28:33] [Server thread/INFO]: [Alfajores] fred31212 has made the advancement [Not Today, Thank You]
[04:28:33] [Server thread/WARN]: Mismatch in destroy block pos: BlockPos{x=-133, y=55, z=38} BlockPos{x=-133, y=56, z=38}
[04:28:48] [Server thread/INFO]: [Not Secure] <[Alfajores] MayStormahh> artefacto sagrado, oscila y vibra
[04:29:00] [Server thread/INFO]: [Not Secure] <[Alfajores] MayStormahh> MAHORAGAAAAAA
[04:29:05] [Server thread/INFO]: [LocosPorLasGoticas] Alex554 was slain by [M-CUARTAS] Zack_201
[04:29:08] [Server thread/INFO]: [Alfajores] fred31212 withered away while fighting [M-CUARTAS] Thes912
[04:29:10] [Server thread/INFO]: [[ADMIN] SulfurYT: Set [LocosPorLasGoticas] Alex554's game mode to Spectator Mode]
[04:29:13] [Server thread/INFO]: [Not Secure] <[Alfajores] Squiell> gg wp
[04:29:14] [Server thread/INFO]: [Not Secure] <[Alfajores] MayStormahh> gg
[04:29:15] [Server thread/INFO]: [[ADMIN] SulfurYT: Teleported [LocosPorLasGoticas] Alex554 to [ADMIN] SulfurYT]
[04:29:20] [Server thread/INFO]: [Not Secure] <[Alfajores] fred31212> gg
[04:29:24] [Server thread/INFO]: [Not Secure] <[Alfajores] Squiell> si teniamos todas las potis los haciamos pollo
[04:29:26] [Server thread/INFO]: [Not Secure] <[Alfajores] Squiell> jurado thes
[04:29:26] [Server thread/INFO]: [Not Secure] <[Jackson 5] pasifista89> gg
[04:29:27] [Server thread/INFO]: Frank38kyt lost connection: Disconnected
[04:29:27] [Server thread/INFO]: [LocosPorLasGoticas] Frank38kyt left the game
[04:29:27] [Server thread/INFO]: [voicechat] Disconnecting client Frank38kyt
[04:29:28] [Server thread/INFO]: [Not Secure] <[Alfajores] Squiell> la proxima será
[04:29:30] [Server thread/INFO]: [Not Secure] <[Alfajores] Squiell> skdfjzsdfklgh
[04:29:31] [Server thread/INFO]: sartrefly lost connection: Disconnected
[04:29:31] [Server thread/INFO]: [Su Mama] sartrefly left the game
[04:29:31] [Server thread/INFO]: [voicechat] Disconnecting client sartrefly
[04:29:49] [Server thread/INFO]: [M-CUARTAS] Thes912 was shot by a skull from Wither
[04:29:51] [Server thread/INFO]: [Not Secure] <[Jackson 5] onytx> XD
[04:29:54] [Server thread/INFO]: [Not Secure] <[Alfajores] Squiell> XDDDDDDDDDDDDDDDDDD
[04:29:59] [Server thread/INFO]: [Not Secure] <[Jackson 5] onytx> wither 1 thes 0
[04:29:59] [Server thread/INFO]: [[ADMIN] SulfurYT: Set [M-CUARTAS] Thes912's game mode to Spectator Mode]
[04:30:01] [Server thread/INFO]: [Not Secure] <[Alfajores] MayStormahh> mi shikigami funciono
[04:30:01] [Server thread/INFO]: [Not Secure] <[M-CUARTAS] Thes912> ponme en espectadoorr
[04:30:04] [Server thread/INFO]: [[ADMIN] SulfurYT: Teleported [M-CUARTAS] Thes912 to [ADMIN] SulfurYT]
[04:30:04] [Server thread/INFO]: [Not Secure] <[Alfajores] Squiell> asistrencia para uno de los mios loco
[04:30:06] [Server thread/INFO]: [Not Secure] <[Su Mama] 8GONZO8> hola
[04:30:13] [Server thread/INFO]: [[ADMIN] SulfurYT: Set own game mode to Spectator Mode]
[04:30:16] [Server thread/INFO]: [Alfajores] fred31212 was slain by [M-CUARTAS] Zack_201
[04:30:24] [Server thread/INFO]: [Not Secure] <[Jackson 5] pasifista89> gg
[04:30:24] [Server thread/INFO]: [Not Secure] <[Alfajores] Squiell> gg
[04:30:27] [Server thread/INFO]: [Not Secure] <[ADMIN] SulfurYT> GG
[04:30:33] [Server thread/INFO]: [Not Secure] <[ADMIN] SulfurYT> felicitaciones al cuartas team
[04:30:35] [Server thread/INFO]: [Not Secure] <[Jackson 5] pasifista89> pon a los espectadores en survivaaal
[04:30:36] [Server thread/INFO]: [Not Secure] <[Alfajores] MayStormahh> si los mata el wither cuenta como q si ganaron los alfajores?
[04:30:39] [Server thread/INFO]: [Not Secure] <[Alfajores] MayStormahh> AJSKDSAJKDK
[04:30:40] [Server thread/INFO]: [Not Secure] <[Jackson 5] pasifista89> nos los papeamooos
[04:30:42] [Server thread/INFO]: [[ADMIN] SulfurYT: Set [Alfajores] fred31212's game mode to Spectator Mode]
[04:30:46] [Server thread/INFO]: [[ADMIN] SulfurYT: Teleported [Alfajores] fred31212 to [ADMIN] SulfurYT]
[04:31:08] [Server thread/INFO]: [Not Secure] <[Alfajores] MayStormahh> MAHORAGAAAAAAAAA
[04:31:13] [Server thread/INFO]: Ram_NK lost connection: Disconnected
[04:31:13] [Server thread/INFO]: [Jackson 5] Ram_NK left the game
[04:31:13] [Server thread/INFO]: [voicechat] Disconnecting client Ram_NK
[04:31:26] [Server thread/INFO]: XkewX lost connection: Disconnected
[04:31:26] [Server thread/INFO]: [Su Mama] XkewX left the game
[04:31:26] [Server thread/INFO]: [voicechat] Disconnecting client XkewX
[04:32:12] [Server thread/INFO]: MayStormahh lost connection: Disconnected
[04:32:12] [Server thread/INFO]: [Alfajores] MayStormahh left the game
[04:32:12] [Server thread/INFO]: [voicechat] Disconnecting client MayStormahh
[04:32:12] [Server thread/INFO]: [Not Secure] <[Jackson 5] onytx> fred cuanto fue lo mas bajo que lo deje?
[04:32:13] [Server thread/INFO]: [Not Secure] <[LocosPorLasGoticas] Alex554> Dale CRISPETAAA
[04:32:17] [Server thread/INFO]: Squiell lost connection: Disconnected
[04:32:17] [Server thread/INFO]: [Alfajores] Squiell left the game
[04:32:17] [Server thread/INFO]: [voicechat] Disconnecting client Squiell
[04:32:23] [Server thread/INFO]: [Not Secure] <[ADMIN] SulfurYT> vamos sadam hussein!!!!
[04:32:53] [Server thread/INFO]: adrx2345 lost connection: Disconnected
[04:32:53] [Server thread/INFO]: [Jackson 5] adrx2345 left the game
[04:32:53] [Server thread/INFO]: [voicechat] Disconnecting client adrx2345
[04:32:54] [Server thread/INFO]: onytx lost connection: Disconnected
[04:32:54] [Server thread/INFO]: [Jackson 5] onytx left the game
[04:32:54] [Server thread/INFO]: [voicechat] Disconnecting client onytx
[04:33:43] [Server thread/INFO]: [M-CUARTAS] Zack_201 was slain by [M-CUARTAS] Crispeta1105
[04:33:59] [Server thread/INFO]: [[ADMIN] SulfurYT: Set own game mode to Creative Mode]
[04:33:59] [Server thread/INFO]: [Not Secure] <[M-CUARTAS] Thes912> admin ponos en survival
[04:34:04] [Server thread/INFO]: [Not Secure] <[Su Mama] 8GONZO8> felicitaciones
[04:34:08] [Server thread/INFO]: [Not Secure] <[M-CUARTAS] Thes912> arriba en la skybase
[04:34:09] [Server thread/INFO]: [Not Secure] <[Jackson 5] pasifista89> fuegos artificiaaaleeeeeeeeees
[04:34:13] [Server thread/INFO]: [Not Secure] <[LocosPorLasGoticas] Alex554> Invoca a todos, todos contra crispeta
[04:34:23] [Server thread/INFO]: [Not Secure] <[M-CUARTAS] Crispeta1105> POR EL GHAST
[04:34:33] [Server thread/INFO]: [Not Secure] <[M-CUARTAS] Thes912> VENGANZA POR MI ÑEMAA
[04:34:40] [Server thread/INFO]: [Not Secure] <[M-CUARTAS] Thes912> ponos en survival arriba adminn
[04:34:58] [Server thread/INFO]: [Not Secure] <[Jackson 5] pasifista89> pa cuando explotta la crispeta
[04:35:10] [Server thread/INFO]: [Not Secure] <[Jackson 5] pasifista89> NO HAS GANADOOOO, EL JEFE FINAL ES EL ADMIIIIIIIIIIN
[04:35:12] [Server thread/INFO]: [Not Secure] <[Alfajores] fred31212> no
[04:35:29] [Server thread/INFO]: [Not Secure] <[M-CUARTAS] Thes912> con arroba a si
[04:35:45] [Server thread/INFO]: [M-CUARTAS] Crispeta1105 has made the advancement [Voluntary Exile]
[04:36:26] [Server thread/INFO]: pasifista89 lost connection: Disconnected
[04:36:26] [Server thread/INFO]: [Jackson 5] pasifista89 left the game
[04:36:26] [Server thread/INFO]: [voicechat] Disconnecting client pasifista89
[04:36:47] [Server thread/INFO]: Kevinalsteviaa[/127.99.194.13:41419] logged in with entity id 24297 at (16.5, 201.0, -4.5)
[04:36:47] [Server thread/INFO]: Kevinalsteviaa joined the game
[04:36:50] [Server thread/INFO]: [[ADMIN] SulfurYT: Set [Su Mama] 8GONZO8's game mode to Survival Mode]
[04:36:50] [Server thread/INFO]: [[ADMIN] SulfurYT: Set [M-CUARTAS] ToxicElah's game mode to Survival Mode]
[04:36:50] [Server thread/INFO]: [[ADMIN] SulfurYT: Set [LocosPorLasGoticas] Alex554's game mode to Survival Mode]
[04:36:50] [Server thread/INFO]: [[ADMIN] SulfurYT: Set [M-CUARTAS] Thes912's game mode to Survival Mode]
[04:36:50] [Server thread/INFO]: [[ADMIN] SulfurYT: Set [Alfajores] fred31212's game mode to Survival Mode]
[04:37:14] [Server thread/INFO]: [Not Secure] <[M-CUARTAS] Thes912> admin tepeanos a todos
[04:37:15] [Server thread/INFO]: [Not Secure] <[M-CUARTAS] Thes912> o dame op
[04:37:28] [Server thread/INFO]: Kevinalsteviaa lost connection: Disconnected
[04:37:28] [Server thread/INFO]: Kevinalsteviaa left the game
[04:37:28] [Server thread/INFO]: [voicechat] Disconnecting client Kevinalsteviaa
[04:37:31] [Server thread/INFO]: [Alfajores] fred31212 was shot by Pillager
[04:38:07] [Server thread/INFO]: [[ADMIN] SulfurYT: Made Thes912 a server operator]
[04:38:11] [Server thread/INFO]: [[M-CUARTAS] Thes912: Teleported 8 entities to [M-CUARTAS] Thes912]
[04:38:14] [Server thread/INFO]: [[M-CUARTAS] Thes912: Teleported 8 entities to [M-CUARTAS] Thes912]
[04:39:09] [Server thread/INFO]: [M-CUARTAS] Zack_201 was shot by [M-CUARTAS] Crispeta1105
[04:39:38] [Server thread/INFO]: [M-CUARTAS] Thes912 was slain by [Su Mama] 8GONZO8
[04:39:41] [Server thread/INFO]: [[M-CUARTAS] Thes912: Teleported 8 entities to [M-CUARTAS] Thes912]
[04:40:34] [Server thread/INFO]: [M-CUARTAS] Thes912 was slain by [Su Mama] 8GONZO8
[04:40:35] [Server thread/INFO]: [Alfajores] fred31212 was shot by [M-CUARTAS] Crispeta1105
[04:40:44] [Server thread/INFO]: 8GONZO8 lost connection: Disconnected
[04:40:44] [Server thread/INFO]: [Su Mama] 8GONZO8 left the game
[04:40:44] [Server thread/INFO]: [voicechat] Disconnecting client 8GONZO8
[04:40:52] [Server thread/INFO]: [LocosPorLasGoticas] Alex554 was shot by [M-CUARTAS] Crispeta1105
[04:41:01] [Server thread/INFO]: [Alfajores] fred31212 tried to swim in lava
[04:41:13] [Server thread/INFO]: [M-CUARTAS] Thes912 was shot by [M-CUARTAS] Crispeta1105
[04:41:17] [Server thread/INFO]: [[ADMIN] SulfurYT: Teleported Wither to [ADMIN] SulfurYT]
[04:41:19] [Server thread/INFO]: [M-CUARTAS] ToxicElah was shot by a skull from Wither
[04:41:27] [Server thread/INFO]: [LocosPorLasGoticas] Alex554 was shot by a skull from Wither
[04:41:36] [Server thread/INFO]: [M-CUARTAS] Zack_201 was blown up by Wither
[04:41:40] [Server thread/INFO]: [Alfajores] fred31212 withered away while fighting Wither
[04:41:42] [Server thread/INFO]: fred31212 lost connection: Disconnected
[04:41:42] [Server thread/INFO]: [Alfajores] fred31212 left the game
[04:41:42] [Server thread/INFO]: [voicechat] Disconnecting client fred31212
[04:41:45] [Server thread/INFO]: Alex554 lost connection: Disconnected
[04:41:45] [Server thread/INFO]: [LocosPorLasGoticas] Alex554 left the game
[04:41:45] [Server thread/INFO]: [voicechat] Disconnecting client Alex554
[04:42:03] [Server thread/INFO]: [M-CUARTAS] Crispeta1105 was shot by a skull from Wither
[04:42:13] [Server thread/INFO]: [M-CUARTAS] Crispeta1105 was blown up by Wither
[04:42:19] [Server thread/INFO]: [M-CUARTAS] Crispeta1105 was shot by a skull from Wither
[04:42:32] [Server thread/INFO]: [[ADMIN] SulfurYT: Set [M-CUARTAS] Crispeta1105's game mode to Creative Mode]
[04:42:40] [Server thread/INFO]: [[ADMIN] SulfurYT: Teleported [M-CUARTAS] Crispeta1105 to [ADMIN] SulfurYT]
[04:42:55] [Server thread/INFO]: SulfurYT lost connection: Disconnected
[04:42:55] [Server thread/INFO]: [ADMIN] SulfurYT left the game
[04:42:55] [Server thread/INFO]: [voicechat] Disconnecting client SulfurYT
[04:45:36] [Server thread/INFO]: Thes912 lost connection: Disconnected
[04:45:36] [Server thread/INFO]: [M-CUARTAS] Thes912 left the game
[04:45:36] [Server thread/INFO]: [voicechat] Disconnecting client Thes912
[04:45:40] [Server thread/INFO]: [M-CUARTAS] Zack_201 was blown up by Wither
[04:45:44] [Server thread/INFO]: Zack_201 lost connection: Disconnected
[04:45:44] [Server thread/INFO]: [M-CUARTAS] Zack_201 left the game
[04:45:44] [Server thread/INFO]: [voicechat] Disconnecting client Zack_201
[04:48:26] [Server thread/INFO]: ToxicElah lost connection: Disconnected
[04:48:26] [Server thread/INFO]: [M-CUARTAS] ToxicElah left the game
[04:48:26] [Server thread/INFO]: [voicechat] Disconnecting client ToxicElah
